// Jest Snapshot v1, https://goo.gl/fbAQLP

exports[`matches snapshot 1`] = `
<DocumentFragment>
  <div
    class="App"
  >
    <div>
      <form
        class="NewBoxForm"
      >
        <label
          for="width"
        >
          Width:
          <input
            id="width"
            name="width"
            type="text"
            value=""
          />
        </label>
        <label
          for="height"
        >
          Height:
          <input
            id="height"
            name="height"
            type="text"
            value=""
          />
        </label>
        <label
          for="color"
        >
          Background Color:
          <input
            id="color"
            name="color"
            type="text"
            value=""
          />
        </label>
        <button>
          Add Box
        </button>
      </form>
    </div>
    <ul
      class="BoxList"
    />
  </div>
</DocumentFragment>
`;
